// Jest Snapshot v1, https://goo.gl/fbAQLP

exports[`Home matches snapshot 1`] = `
<div>
  <div>
    <a
      href="https://github.com/hturnbull93/cv"
    >
      CV
    </a>
    <a
      href="https://twitter.com/hturnbull"
    >
      Twitter
    </a>
    <a
      href="https://www.linkedin.com/in/harry-turnbull"
    >
      LinkedIn
    </a>
    <a
      href="https://github.com/hturnbull93"
    >
      GitHub
    </a>
    <a
      href="https://medium.com/@hturnbull93"
    >
      Medium Blog
    </a>
  </div>
  <h1>
    Harry Turnbull
  </h1>
  <h3>
    Software Developer
  </h3>
  <p>
    <a
      href="https://github.com/hturnbull93"
    >
      Github
    </a>
  </p>
  <p>
    <a
      href="https://www.linkedin.com/in/harry-turnbull/"
    >
      LinkedIn
    </a>
  </p>
  <p>
    Rest of the site coming soon!
  </p>
</div>
`;
