// Jest Snapshot v1, https://goo.gl/fbAQLP

exports[`Home matches snapshot 1`] = `
<div
  className="layout"
>
  <div
    className="sidebar border"
  >
    <h3>
      <span>
        HT
      </span>
       
      <small>
        Full Stack Developer
      </small>
    </h3>
    <nav>
      <section>
        <h4>
          Sections
        </h4>
        <ul>
          <li>
            <a
              href="/"
            >
              Home
            </a>
          </li>
          <li>
            <a
              href="/about"
            >
              About
            </a>
          </li>
        </ul>
      </section>
      <section>
        <h4>
          Links
        </h4>
        <ul>
          <li>
            <a
              href="https://github.com/hturnbull93/cv"
            >
              GitHub CV
            </a>
          </li>
          <li>
            <a
              href="https://twitter.com/hturnbull"
            >
              Twitter
            </a>
          </li>
          <li>
            <a
              href="https://www.linkedin.com/in/harry-turnbull"
            >
              LinkedIn
            </a>
          </li>
          <li>
            <a
              href="https://github.com/hturnbull93"
            >
              GitHub
            </a>
          </li>
          <li>
            <a
              href="https://medium.com/@hturnbull93"
            >
              Medium Blog
            </a>
          </li>
        </ul>
      </section>
    </nav>
  </div>
  <section
    className="content border border-4"
  >
    <h1>
      Hi! I'm Harry Turnbull
    </h1>
    <h3>
      A Full Stack Developer based in London
    </h3>
    <p>
      This site is still in development as we speak (as you read?), but feel free to take a look around.
    </p>
    <p>
      There are also a bunch of handy links in the sidebar too!
    </p>
  </section>
  <div
    className="bg"
  />
</div>
`;
